[2026-05-08 10:28:39][P2_S1][INFO] Experiment: P2_S1
[2026-05-08 10:28:39][P2_S1][INFO] Protocol: P2 → actions [15, 16, 17, 18, 19, 20, 21, 22, 23, 24, 25, 26, 27]
[2026-05-08 10:28:39][P2_S1][INFO] Setting: S1
[2026-05-08 10:28:39][P2_S1][INFO] Train: 3120 samples (40 subjects)
[2026-05-08 10:28:39][P2_S1][INFO] Test:  1040 samples (40 subjects)
[2026-05-08 10:28:39][P2_S1][INFO] Train batches: 1560, Test batches: 520
[2026-05-08 10:28:40][P2_S1][INFO] Model parameters: 1,606,219
[2026-05-08 10:45:28][P2_S1][INFO] [Epoch   3] Loss: 1.2954 | MPJPE: 101.18 PA: 80.85 P50: 35.1 P20: 11.5
[2026-05-08 11:02:20][P2_S1][INFO] [Epoch   6] Loss: 1.2237 | MPJPE: 96.63 PA: 75.61 P50: 37.6 P20: 14.9
[2026-05-08 11:19:10][P2_S1][INFO] [Epoch   9] Loss: 1.2037 | MPJPE: 95.98 PA: 77.11 P50: 38.5 P20: 16.0
[2026-05-08 11:36:00][P2_S1][INFO] [Epoch  12] Loss: 1.1773 | MPJPE: 98.57 PA: 76.19 P50: 35.2 P20: 10.8
[2026-05-08 11:52:50][P2_S1][INFO] [Epoch  15] Loss: 1.1657 | MPJPE: 99.16 PA: 74.33 P50: 33.5 P20: 11.2
[2026-05-08 12:09:39][P2_S1][INFO] [Epoch  18] Loss: 1.1496 | MPJPE: 95.33 PA: 72.05 P50: 37.5 P20: 12.8
[2026-05-08 12:26:27][P2_S1][INFO] [Epoch  21] Loss: 1.1383 | MPJPE: 93.18 PA: 71.92 P50: 37.6 P20: 14.7
[2026-05-08 12:43:16][P2_S1][INFO] [Epoch  24] Loss: 1.1070 | MPJPE: 91.95 PA: 72.03 P50: 39.4 P20: 13.8
[2026-05-08 13:00:01][P2_S1][INFO] [Epoch  27] Loss: 1.0828 | MPJPE: 89.67 PA: 70.01 P50: 42.3 P20: 17.9
[2026-05-08 13:15:53][P2_S1][INFO] [Epoch  30] Loss: 1.0438 | MPJPE: 88.64 PA: 70.61 P50: 41.9 P20: 18.4
[2026-05-08 13:31:46][P2_S1][INFO] [Epoch  33] Loss: 1.0086 | MPJPE: 90.59 PA: 70.68 P50: 42.0 P20: 17.3
[2026-05-08 13:47:38][P2_S1][INFO] [Epoch  36] Loss: 0.9977 | MPJPE: 89.37 PA: 70.07 P50: 41.1 P20: 16.8
[2026-05-08 14:03:30][P2_S1][INFO] [Epoch  39] Loss: 0.9554 | MPJPE: 90.42 PA: 71.24 P50: 41.9 P20: 17.4
[2026-05-08 14:19:22][P2_S1][INFO] [Epoch  42] Loss: 0.9398 | MPJPE: 89.27 PA: 70.95 P50: 41.3 P20: 18.8
[2026-05-08 14:35:14][P2_S1][INFO] [Epoch  45] Loss: 0.8925 | MPJPE: 89.72 PA: 70.24 P50: 41.1 P20: 16.0
[2026-05-08 14:51:07][P2_S1][INFO] [Epoch  48] Loss: 0.8672 | MPJPE: 88.87 PA: 69.41 P50: 40.9 P20: 18.0
[2026-05-08 15:06:59][P2_S1][INFO] [Epoch  51] Loss: 0.8400 | MPJPE: 88.45 PA: 69.56 P50: 41.5 P20: 17.8
[2026-05-08 15:22:51][P2_S1][INFO] [Epoch  54] Loss: 0.7874 | MPJPE: 88.94 PA: 69.55 P50: 41.0 P20: 18.0
[2026-05-08 15:38:43][P2_S1][INFO] [Epoch  57] Loss: 0.7585 | MPJPE: 87.08 PA: 68.54 P50: 43.1 P20: 18.6
[2026-05-08 15:54:35][P2_S1][INFO] [Epoch  60] Loss: 0.7175 | MPJPE: 86.71 PA: 68.70 P50: 43.7 P20: 19.6
[2026-05-08 16:10:28][P2_S1][INFO] [Epoch  63] Loss: 0.6722 | MPJPE: 86.08 PA: 68.16 P50: 44.8 P20: 20.5
[2026-05-08 16:26:20][P2_S1][INFO] [Epoch  66] Loss: 0.6417 | MPJPE: 86.09 PA: 68.16 P50: 44.1 P20: 19.9
[2026-05-08 16:42:12][P2_S1][INFO] [Epoch  69] Loss: 0.6066 | MPJPE: 86.66 PA: 68.15 P50: 43.5 P20: 20.0
[2026-05-08 16:58:07][P2_S1][INFO] [Epoch  72] Loss: 0.5804 | MPJPE: 86.09 PA: 67.73 P50: 44.3 P20: 20.0
[2026-05-08 17:14:00][P2_S1][INFO] [Epoch  75] Loss: 0.5402 | MPJPE: 85.62 PA: 67.75 P50: 44.8 P20: 20.3
[2026-05-08 17:29:52][P2_S1][INFO] [Epoch  78] Loss: 0.5172 | MPJPE: 85.95 PA: 68.02 P50: 44.3 P20: 19.5
[2026-05-08 17:45:44][P2_S1][INFO] [Epoch  81] Loss: 0.4943 | MPJPE: 85.32 PA: 67.81 P50: 44.6 P20: 20.5
[2026-05-08 18:01:37][P2_S1][INFO] [Epoch  84] Loss: 0.4636 | MPJPE: 85.30 PA: 67.56 P50: 44.2 P20: 20.5
[2026-05-08 18:17:30][P2_S1][INFO] [Epoch  87] Loss: 0.4593 | MPJPE: 85.27 PA: 67.51 P50: 44.9 P20: 20.5
[2026-05-08 18:33:22][P2_S1][INFO] [Epoch  90] Loss: 0.4519 | MPJPE: 85.11 PA: 67.54 P50: 44.6 P20: 20.3
[2026-05-08 18:49:14][P2_S1][INFO] [Epoch  93] Loss: 0.4449 | MPJPE: 85.06 PA: 67.60 P50: 44.9 P20: 20.7
[2026-05-08 19:05:07][P2_S1][INFO] [Epoch  96] Loss: 0.4322 | MPJPE: 85.03 PA: 67.58 P50: 44.8 P20: 20.7
[2026-05-08 19:20:59][P2_S1][INFO] [Epoch  99] Loss: 0.4286 | MPJPE: 84.85 PA: 67.44 P50: 45.0 P20: 20.9
[2026-05-08 19:26:29][P2_S1][INFO] [Epoch 100] Loss: 0.4369 | MPJPE: 84.93 PA: 67.51 P50: 44.9 P20: 20.7
[2026-05-08 19:26:29][P2_S1][INFO] Best MPJPE: 84.85mm | Time: 08:57:49
