[2026-05-07 14:40:33][P1_S1][INFO] Experiment: P1_S1
[2026-05-07 14:40:33][P1_S1][INFO] Protocol: P1 → actions [1, 2, 3, 4, 5, 6, 7, 8, 9, 10, 11, 12, 13, 14]
[2026-05-07 14:40:33][P1_S1][INFO] Setting: S1
[2026-05-07 14:40:34][P1_S1][INFO] Train: 3360 samples (40 subjects)
[2026-05-07 14:40:34][P1_S1][INFO] Test:  1120 samples (40 subjects)
[2026-05-07 14:40:34][P1_S1][INFO] Train batches: 1680, Test batches: 560
[2026-05-07 14:40:34][P1_S1][INFO] Model parameters: 1,604,126
[2026-05-07 14:56:56][P1_S1][INFO] [Epoch   3] Loss: 1.3842 | MPJPE: 90.68 PA: 75.05 P50: 39.6 P20: 9.3
[2026-05-07 15:13:18][P1_S1][INFO] [Epoch   6] Loss: 1.2979 | MPJPE: 89.09 PA: 70.91 P50: 41.7 P20: 12.4
[2026-05-07 15:29:40][P1_S1][INFO] [Epoch   9] Loss: 1.2357 | MPJPE: 88.98 PA: 71.95 P50: 40.2 P20: 12.2
[2026-05-07 15:46:01][P1_S1][INFO] [Epoch  12] Loss: 1.1882 | MPJPE: 85.87 PA: 69.94 P50: 42.4 P20: 11.7
[2026-05-07 16:02:23][P1_S1][INFO] [Epoch  15] Loss: 1.1336 | MPJPE: 84.38 PA: 69.08 P50: 44.7 P20: 15.3
[2026-05-07 16:18:44][P1_S1][INFO] [Epoch  18] Loss: 1.1018 | MPJPE: 84.69 PA: 69.11 P50: 43.0 P20: 17.5
[2026-05-07 16:35:07][P1_S1][INFO] [Epoch  21] Loss: 1.0727 | MPJPE: 82.61 PA: 68.54 P50: 46.4 P20: 18.6
[2026-05-07 16:51:29][P1_S1][INFO] [Epoch  24] Loss: 1.0260 | MPJPE: 83.59 PA: 67.99 P50: 46.1 P20: 18.6
[2026-05-07 17:07:51][P1_S1][INFO] [Epoch  27] Loss: 0.9903 | MPJPE: 83.90 PA: 67.89 P50: 43.0 P20: 17.3
[2026-05-07 17:24:14][P1_S1][INFO] [Epoch  30] Loss: 0.9519 | MPJPE: 86.84 PA: 69.47 P50: 41.9 P20: 15.5
[2026-05-07 17:40:35][P1_S1][INFO] [Epoch  33] Loss: 0.9099 | MPJPE: 80.73 PA: 66.84 P50: 47.1 P20: 19.1
[2026-05-07 17:56:58][P1_S1][INFO] [Epoch  36] Loss: 0.8892 | MPJPE: 82.50 PA: 66.99 P50: 46.2 P20: 18.9
[2026-05-07 18:13:20][P1_S1][INFO] [Epoch  39] Loss: 0.8402 | MPJPE: 81.83 PA: 66.64 P50: 46.6 P20: 19.1
[2026-05-07 18:29:48][P1_S1][INFO] [Epoch  42] Loss: 0.7996 | MPJPE: 83.02 PA: 67.72 P50: 44.6 P20: 19.5
[2026-05-07 18:46:14][P1_S1][INFO] [Epoch  45] Loss: 0.7453 | MPJPE: 80.41 PA: 66.80 P50: 47.1 P20: 20.5
[2026-05-07 19:03:30][P1_S1][INFO] [Epoch  48] Loss: 0.7068 | MPJPE: 81.69 PA: 66.17 P50: 45.8 P20: 20.4
[2026-05-07 19:20:52][P1_S1][INFO] [Epoch  51] Loss: 0.6617 | MPJPE: 78.87 PA: 65.37 P50: 50.2 P20: 22.8
[2026-05-07 19:38:16][P1_S1][INFO] [Epoch  54] Loss: 0.6310 | MPJPE: 79.11 PA: 65.81 P50: 49.2 P20: 21.6
[2026-05-07 19:55:38][P1_S1][INFO] [Epoch  57] Loss: 0.5887 | MPJPE: 79.62 PA: 66.14 P50: 48.9 P20: 21.2
[2026-05-07 20:13:02][P1_S1][INFO] [Epoch  60] Loss: 0.5519 | MPJPE: 78.53 PA: 64.79 P50: 49.7 P20: 22.0
[2026-05-07 20:30:24][P1_S1][INFO] [Epoch  63] Loss: 0.5147 | MPJPE: 78.60 PA: 65.14 P50: 49.8 P20: 21.6
[2026-05-07 20:48:49][P1_S1][INFO] [Epoch  66] Loss: 0.4886 | MPJPE: 78.96 PA: 65.70 P50: 49.3 P20: 21.3
[2026-05-07 21:07:19][P1_S1][INFO] [Epoch  69] Loss: 0.4409 | MPJPE: 78.47 PA: 65.47 P50: 49.7 P20: 22.0
[2026-05-07 21:25:38][P1_S1][INFO] [Epoch  72] Loss: 0.4167 | MPJPE: 78.13 PA: 64.98 P50: 50.2 P20: 22.5
[2026-05-07 21:42:44][P1_S1][INFO] [Epoch  75] Loss: 0.3921 | MPJPE: 78.19 PA: 64.85 P50: 49.9 P20: 22.1
[2026-05-07 21:59:48][P1_S1][INFO] [Epoch  78] Loss: 0.3739 | MPJPE: 78.58 PA: 65.32 P50: 49.2 P20: 21.9
[2026-05-07 22:16:53][P1_S1][INFO] [Epoch  81] Loss: 0.3514 | MPJPE: 77.84 PA: 64.94 P50: 49.9 P20: 22.3
[2026-05-07 22:33:58][P1_S1][INFO] [Epoch  84] Loss: 0.3316 | MPJPE: 78.27 PA: 65.08 P50: 50.0 P20: 21.8
[2026-05-07 22:51:32][P1_S1][INFO] [Epoch  87] Loss: 0.3147 | MPJPE: 77.56 PA: 64.67 P50: 50.5 P20: 22.5
[2026-05-07 23:09:34][P1_S1][INFO] [Epoch  90] Loss: 0.2922 | MPJPE: 77.67 PA: 64.88 P50: 50.6 P20: 22.7
[2026-05-07 23:27:39][P1_S1][INFO] [Epoch  93] Loss: 0.2929 | MPJPE: 77.42 PA: 64.67 P50: 50.5 P20: 22.9
[2026-05-07 23:45:44][P1_S1][INFO] [Epoch  96] Loss: 0.2915 | MPJPE: 77.30 PA: 64.60 P50: 50.8 P20: 23.0
[2026-05-08 00:03:47][P1_S1][INFO] [Epoch  99] Loss: 0.2891 | MPJPE: 77.27 PA: 64.60 P50: 50.7 P20: 22.9
[2026-05-08 00:10:04][P1_S1][INFO] [Epoch 100] Loss: 0.2921 | MPJPE: 77.32 PA: 64.60 P50: 50.6 P20: 22.9
[2026-05-08 00:10:04][P1_S1][INFO] Best MPJPE: 77.27mm | Time: 09:29:29
